C51 COMPILER V9.01   AT24C02                                                               07/30/2026 21:47:45 PAGE 1   


C51 COMPILER V9.01, COMPILATION OF MODULE AT24C02
OBJECT MODULE PLACED IN at24c02.obj
COMPILER INVOKED BY: E:\C51\BIN\C51.EXE AT24C02 EEPROM IIC ×ÜÏß\at24c02.c BROWSE INCDIR(.\AT24C02 EEPROM IIC ×ÜÏß;.\MAIN
                    -;.\PUBLIC;.\DS1302 ÊµÊ±Ê±ÖÓ;.\DS18B20 µ¥×ÜÏßÎÂ¶È´«¸ÐÆ÷;.\LCD1602 Òº¾§Çý¶¯;.\NEC ºìÍâ½ÓÊÕ½âÂë;.\UART ´®¿ÚÍ¨ÐÅ + RS485 ×ÜÏ
                    -ß;.\ÎåÏßËÄÏà²½½øµç»úÇý¶¯;.\¶ÀÁ¢°´¼üÊäÈë;.\·äÃùÆ÷ + ·çÉÈÖ±Á÷¿ª¹ØÊä³ö;.\LCD1602 Òº¾§Çý¶¯) DEBUG OBJECTEXTEND PRINT(.\at24c
                    -02.lst) OBJECT(at24c02.obj)

line level    source

   1          #include"at24c02.h"
   2          
   3          void at24c02_write_one_byte(u8 add,u8 dat)
   4          {
   5   1         iic_start();
   6   1      
   7   1         iic_write_byte(0xa0);
   8   1         iic_wait_ack();
   9   1      
  10   1         iic_write_byte(add);
  11   1         iic_wait_ack();
  12   1      
  13   1         iic_write_byte(dat);
  14   1         iic_wait_ack();
  15   1      
  16   1         iic_stop();
  17   1         Delay1ms(10);
  18   1      }
  19          
  20          u8 at24c02_read_byte(u8 add)
  21          {
  22   1              u8 temp=0;
  23   1      
  24   1      
  25   1              iic_start();
  26   1      
  27   1              iic_write_byte(0xa0);
  28   1              iic_wait_ack();
  29   1      
  30   1              iic_write_byte(add);
  31   1              iic_wait_ack();
  32   1      
  33   1              iic_start();
  34   1      
  35   1              iic_write_byte(0xa1);
  36   1              iic_wait_ack();
  37   1      
  38   1              temp=iic_read_byte(0);
  39   1              iic_stop();
  40   1      
  41   1              return temp;
  42   1      
  43   1      
  44   1      }


MODULE INFORMATION:   STATIC OVERLAYABLE
   CODE SIZE        =     89    ----
   CONSTANT SIZE    =   ----    ----
   XDATA SIZE       =   ----    ----
   PDATA SIZE       =   ----    ----
   DATA SIZE        =   ----       4
C51 COMPILER V9.01   AT24C02                                                               07/30/2026 21:47:45 PAGE 2   

   IDATA SIZE       =   ----    ----
   BIT SIZE         =   ----    ----
END OF MODULE INFORMATION.


C51 COMPILATION COMPLETE.  0 WARNING(S),  0 ERROR(S)
