C51 COMPILER V9.01   DS18B20                                                               07/31/2026 15:22:39 PAGE 1   


C51 COMPILER V9.01, COMPILATION OF MODULE DS18B20
OBJECT MODULE PLACED IN ds18b20.obj
COMPILER INVOKED BY: E:\C51\BIN\C51.EXE DS18B20 单总线温度传感器\ds18b20.c BROWSE INCDIR(.\AT24C02 EEPROM IIC 总线;.\MAI
                    -N;.\PUBLIC;.\DS1302 实时时钟;.\DS18B20 单总线温度传感器;.\LCD1602 液晶驱动;.\NEC 红外接收解码;.\UART 串口通信 + RS485 总
                    -线;.\五线四相步进电机驱动;.\独立按键输入;.\蜂鸣器 + 风扇直流开关输出;.\LCD1602 液晶驱动) DEBUG OBJECTEXTEND PRINT(.\ds18
                    -b20.lst) OBJECT(ds18b20.obj)

line level    source

   1          #include "ds18b20.h"
   2          
   3          void ds18b20_reset(void)
   4          {
   5   1              DS18B20_PORT=0;
   6   1              Delay10us(75);
   7   1              DS18B20_PORT=1;
   8   1              Delay10us(2);
   9   1      }
  10          
  11          u8 ds18b20_check(void)//成功0，失败1
  12          {
  13   1              u8 time_temp=0;
  14   1              while(DS18B20_PORT&&time_temp<20)
  15   1              {
  16   2                      time_temp++;
  17   2                      Delay10us(1);
  18   2              }
  19   1              if(time_temp>=20)return 1;
  20   1              else time_temp=0;
  21   1      
  22   1      
  23   1              while(!DS18B20_PORT&&time_temp<20)
  24   1              {
  25   2                      time_temp++;
  26   2                      Delay10us(1);
  27   2              }
  28   1              if(time_temp>=20)return 1;
  29   1      
  30   1              return 0;
  31   1      
  32   1      }
  33          
  34          u8 ds18b20_init(void)
  35          {
  36   1              ds18b20_reset();
  37   1              return ds18b20_check();
  38   1      }
  39          
  40          
  41          void ds18b20_write_byte(u8 dat)
  42          {
  43   1              u8 i=0;
  44   1              u8 temp=0;
  45   1      
  46   1              for(i=0;i<8;i++)
  47   1              {
  48   2                      temp=dat&0x01;
  49   2                      dat>>=1;
  50   2                      if(temp)
  51   2                      {
  52   3                              DS18B20_PORT=0;
C51 COMPILER V9.01   DS18B20                                                               07/31/2026 15:22:39 PAGE 2   

  53   3                              _nop_();_nop_();
  54   3                              DS18B20_PORT=1;
  55   3                              Delay10us(6);
  56   3                      }
  57   2                      else
  58   2                      {
  59   3                              DS18B20_PORT=0;
  60   3                              Delay10us(6);
  61   3                              DS18B20_PORT=1;
  62   3                              _nop_();_nop_();
  63   3                      }
  64   2                      
  65   2              }
  66   1      }
  67          
  68          u8 ds18b20_read_bit(void)
  69          {
  70   1              u8 dat=0;
  71   1      
  72   1              DS18B20_PORT=0;
  73   1              _nop_();_nop_();
  74   1              DS18B20_PORT=1;
  75   1              _nop_();_nop_();
  76   1      
  77   1      
  78   1              if(DS18B20_PORT)dat=1;
  79   1              else dat=0;
  80   1      
  81   1              Delay10us(5);
  82   1              return dat;
  83   1      }
  84          
  85          u8 ds18b20_read_byte(void)
  86          {
  87   1              u8 i=0;
  88   1              u8 temp=0;
  89   1              u8 dat=0;
  90   1              for(i=0;i<8;i++)
  91   1              {
  92   2                      temp=ds18b20_read_bit();
  93   2                      dat=(temp<<7)|(dat>>1);
  94   2      
  95   2      
  96   2              }
  97   1              return dat;
  98   1      }
  99          
 100          void ds18b20_start(void)
 101          {
 102   1              ds18b20_reset();
 103   1              ds18b20_check();
 104   1              ds18b20_write_byte(0xcc);
 105   1              ds18b20_write_byte(0x44);
 106   1      }
 107          
 108          float ds18b20_read_temperture(void)
 109          {
 110   1              u8 dath=0;
 111   1              u8 datl=0;
 112   1              u16 value=0;
 113   1              float temp;
 114   1      
C51 COMPILER V9.01   DS18B20                                                               07/31/2026 15:22:39 PAGE 3   

 115   1              ds18b20_start();
 116   1              ds18b20_reset();
 117   1              ds18b20_check();
 118   1              ds18b20_write_byte(0xcc);
 119   1              ds18b20_write_byte(0xbe);
 120   1      
 121   1              datl=ds18b20_read_byte();
 122   1              dath=ds18b20_read_byte();
 123   1              value=(dath<<8)+datl;
 124   1      
 125   1              if((value&0xf800)==0xf800)
 126   1              {
 127   2                      value=(~value)+1;
 128   2                      temp=value*(-0.0625);   
 129   2              }
 130   1              else
 131   1              {
 132   2                      temp=value*0.0625;
 133   2              }
 134   1              return temp;
 135   1      }
 136          
 137          
 138          
 139          
 140          
 141          
 142          
 143          
 144          
 145          
 146          
 147          
 148          
 149          
 150          
 151          
 152          
 153          
 154          
 155          
 156          
 157          
 158          
 159          
 160          
 161          
 162          
 163          
 164          
 165          
 166          
 167          
 168          
 169          
 170          
 171          
 172          


MODULE INFORMATION:   STATIC OVERLAYABLE
   CODE SIZE        =    368    ----
C51 COMPILER V9.01   DS18B20                                                               07/31/2026 15:22:39 PAGE 4   

   CONSTANT SIZE    =   ----    ----
   XDATA SIZE       =   ----    ----
   PDATA SIZE       =   ----    ----
   DATA SIZE        =   ----      14
   IDATA SIZE       =   ----    ----
   BIT SIZE         =   ----    ----
END OF MODULE INFORMATION.


C51 COMPILATION COMPLETE.  0 WARNING(S),  0 ERROR(S)
