C51 COMPILER V9.01   IIC                                                                   07/30/2026 21:47:46 PAGE 1   


C51 COMPILER V9.01, COMPILATION OF MODULE IIC
OBJECT MODULE PLACED IN iic.obj
COMPILER INVOKED BY: E:\C51\BIN\C51.EXE AT24C02 EEPROM IIC 总线\iic.c BROWSE INCDIR(.\AT24C02 EEPROM IIC 总线;.\MAIN;.\P
                    -UBLIC;.\DS1302 实时时钟;.\DS18B20 单总线温度传感器;.\LCD1602 液晶驱动;.\NEC 红外接收解码;.\UART 串口通信 + RS485 总线;.\
                    -五线四相步进电机驱动;.\独立按键输入;.\蜂鸣器 + 风扇直流开关输出;.\LCD1602 液晶驱动) DEBUG OBJECTEXTEND PRINT(.\iic.lst) 
                    -OBJECT(iic.obj)

line level    source

   1          #include "iic.h"
   2          
   3          
   4          void iic_start(void)
   5          {
   6   1              IIC_SDA=1;      
   7   1              Delay10us(1);
   8   1              IIC_SCL=1;
   9   1              Delay10us(1);
  10   1              IIC_SDA=0;
  11   1              Delay10us(1);
  12   1              IIC_SCL=0;
  13   1              Delay10us(1);
  14   1      }
  15          
  16          void iic_stop(void)
  17          {
  18   1              IIC_SDA=0;
  19   1              Delay10us(1);
  20   1              IIC_SCL=1;
  21   1              Delay10us(1);
  22   1              IIC_SDA=1;
  23   1              Delay10us(1);
  24   1      }
  25          
  26          void iic_ack(void)
  27          {
  28   1              IIC_SCL=0;
  29   1              IIC_SDA=0;
  30   1              Delay10us(1);
  31   1              IIC_SCL=1;
  32   1              Delay10us(1);
  33   1              IIC_SCL=0;
  34   1      } 
  35          
  36          void iic_nack(void)
  37          {
  38   1              IIC_SCL=0;
  39   1              IIC_SDA=1;
  40   1              Delay10us(1);
  41   1              IIC_SCL=1;
  42   1              Delay10us(1);
  43   1              IIC_SCL=0;
  44   1      } 
  45          
  46          u8 iic_wait_ack(void)
  47          {
  48   1              u8 time_temp=0;
  49   1              
  50   1              IIC_SCL=1;
  51   1              Delay10us(1);
  52   1              while(IIC_SDA)
C51 COMPILER V9.01   IIC                                                                   07/30/2026 21:47:46 PAGE 2   

  53   1              {
  54   2                      time_temp++;
  55   2                      if(time_temp>100)
  56   2                      {
  57   3                              iic_stop();
  58   3                              return 1;
  59   3                      }                       
  60   2              }
  61   1              IIC_SCL=0;
  62   1              return 0;
  63   1      }
  64          
  65          
  66          void iic_write_byte(u8 dat)
  67          {
  68   1              u8 i=0;
  69   1              IIC_SCL=0;
  70   1              for(i=0;i<8;i++)
  71   1              {
  72   2                      if((dat&0x80)>0)
  73   2                      {
  74   3                              IIC_SDA=1;
  75   3      
  76   3                      }
  77   2                      else IIC_SDA=0;
  78   2      
  79   2                      dat<<=1;
  80   2                      IIC_SCL=1;
  81   2                      Delay10us(1);
  82   2                      IIC_SCL=0;
  83   2                      Delay10us(1);
  84   2              }
  85   1      
  86   1      }
  87          
  88          u8 iic_read_byte(u8 ack)
  89          {
  90   1              u8 i=0;
  91   1              u8 receive=0;
  92   1      
  93   1              for(i=0;i<8;i++)
  94   1              {
  95   2                      IIC_SCL=0;
  96   2                      Delay10us(1);
  97   2                      IIC_SCL=1;
  98   2                      Delay10us(1);
  99   2                      receive<<=1;
 100   2                      if(IIC_SDA)receive++;
 101   2              }
 102   1      
 103   1              if(!ack) iic_nack();
 104   1              else iic_ack();
 105   1      
 106   1              return receive;
 107   1      }
 108          
 109          
 110          
 111          
 112          
 113          
 114          
C51 COMPILER V9.01   IIC                                                                   07/30/2026 21:47:46 PAGE 3   

 115          
 116          
 117          
 118          
 119          
 120          
 121          
 122          
 123          
 124          


MODULE INFORMATION:   STATIC OVERLAYABLE
   CODE SIZE        =    263    ----
   CONSTANT SIZE    =   ----    ----
   XDATA SIZE       =   ----    ----
   PDATA SIZE       =   ----    ----
   DATA SIZE        =   ----       6
   IDATA SIZE       =   ----    ----
   BIT SIZE         =   ----    ----
END OF MODULE INFORMATION.


C51 COMPILATION COMPLETE.  0 WARNING(S),  0 ERROR(S)
