C51 COMPILER V9.01   PUBLIC                                                                07/30/2026 21:47:45 PAGE 1   


C51 COMPILER V9.01, COMPILATION OF MODULE PUBLIC
OBJECT MODULE PLACED IN public.obj
COMPILER INVOKED BY: E:\C51\BIN\C51.EXE PUBLIC\public.c BROWSE INCDIR(.\AT24C02 EEPROM IIC 总线;.\MAIN;.\PUBLIC;.\DS1302
                    - 实时时钟;.\DS18B20 单总线温度传感器;.\LCD1602 液晶驱动;.\NEC 红外接收解码;.\UART 串口通信 + RS485 总线;.\五线四相步进电
                    -机驱动;.\独立按键输入;.\蜂鸣器 + 风扇直流开关输出;.\LCD1602 液晶驱动) DEBUG OBJECTEXTEND PRINT(.\public.lst) OBJECT(publ
                    -ic.obj)

line level    source

   1          #include "public.h"
   2          u8 page=0;
   3          u8 page_change=1;
   4          u8 set_temp=35;
   5          u8  num=20;
   6          u8 max_temper=30;
   7          u8 min_temper=20;
   8          
   9          void Delay10us(u16 t)           //@11.0592MHz
  10          {
  11   1          while(t--); 
  12   1      }
  13          
  14          
  15          void Delay1ms(u16 t)            //@11.0592MHz
  16          {
  17   1              u16 i,j;
  18   1              for(i=t;i>0;i--)
  19   1                      for(j=110;j>0;j--);
  20   1      }


MODULE INFORMATION:   STATIC OVERLAYABLE
   CODE SIZE        =     41    ----
   CONSTANT SIZE    =   ----    ----
   XDATA SIZE       =   ----    ----
   PDATA SIZE       =   ----    ----
   DATA SIZE        =      6    ----
   IDATA SIZE       =   ----    ----
   BIT SIZE         =   ----    ----
END OF MODULE INFORMATION.


C51 COMPILATION COMPLETE.  0 WARNING(S),  0 ERROR(S)
